{
  "config": {
    "args": [
      "--config",
      "tests-playwright.config.ts"
    ],
    "configFile": "tests-playwright.config.ts",
    "options": {
      "batchMode": "count",
      "batchTarget": 4,
      "grouping": "test",
      "historyWindow": 10
    },
    "projects": [
      {
        "dependencies": [],
        "name": "setup",
        "repeatEach": 1,
        "use": {
          "baseURL": "http://localhost:4321",
          "trace": "on-first-retry"
        }
      },
      {
        "dependencies": [],
        "name": "teardown",
        "repeatEach": 1,
        "use": {
          "baseURL": "http://localhost:4321",
          "trace": "on-first-retry"
        }
      },
      {
        "dependencies": [
          "setup"
        ],
        "name": "chromium",
        "repeatEach": 1,
        "teardown": "teardown",
        "use": {
          "baseURL": "http://localhost:4321",
          "browserName": "chromium",
          "trace": "on-first-retry"
        }
      },
      {
        "dependencies": [
          "setup"
        ],
        "name": "firefox",
        "repeatEach": 1,
        "teardown": "teardown",
        "use": {
          "baseURL": "http://localhost:4321",
          "defaultBrowserType": "firefox",
          "deviceScaleFactor": 1,
          "hasTouch": false,
          "isMobile": false,
          "screen": {
            "height": 1080,
            "width": 1920
          },
          "trace": "on-first-retry",
          "viewport": {
            "height": 720,
            "width": 1280
          }
        }
      }
    ],
    "remainingCount": 0,
    "remainingTime": 0
  },
  "tests": [
    {
      "averageDuration": 0,
      "duration": 0,
      "fails": 0,
      "file": "serial.spec.ts",
      "lastSuccessfulRunTimestamp": 0,
      "position": "15:10",
      "projects": [
        "chromium",
        "firefox"
      ],
      "status": 30,
      "title": "#serial_id"
    },
    {
      "averageDuration": 0,
      "duration": 0,
      "fails": 0,
      "file": "basic-case.spec.ts",
      "lastSuccessfulRunTimestamp": 0,
      "position": "10:9",
      "projects": [
        "chromium",
        "firefox"
      ],
      "status": 30,
      "title": "basic-case.spec.ts > inside group"
    },
    {
      "averageDuration": 0,
      "duration": 0,
      "fails": 0,
      "file": "basic-case.spec.ts",
      "lastSuccessfulRunTimestamp": 0,
      "position": "4:5",
      "projects": [
        "chromium",
        "firefox"
      ],
      "status": 30,
      "title": "basic-case.spec.ts > outside of group"
    },
    {
      "averageDuration": 0,
      "duration": 0,
      "fails": 0,
      "file": "constant-timeout.spec.ts",
      "lastSuccessfulRunTimestamp": 0,
      "position": "12:9",
      "projects": [
        "chromium",
        "firefox"
      ],
      "status": 30,
      "title": "constant-timeout.spec.ts > inside group"
    },
    {
      "averageDuration": 0,
      "duration": 0,
      "fails": 0,
      "file": "constant-timeout.spec.ts",
      "lastSuccessfulRunTimestamp": 0,
      "position": "16:9",
      "projects": [
        "chromium",
        "firefox"
      ],
      "status": 30,
      "title": "constant-timeout.spec.ts > inside group override timeout"
    },
    {
      "averageDuration": 0,
      "duration": 0,
      "fails": 0,
      "file": "constant-timeout.spec.ts",
      "lastSuccessfulRunTimestamp": 0,
      "position": "22:13",
      "projects": [
        "chromium",
        "firefox"
      ],
      "status": 30,
      "title": "constant-timeout.spec.ts > inside nested group and slow"
    },
    {
      "averageDuration": 0,
      "duration": 0,
      "fails": 0,
      "file": "constant-timeout.spec.ts",
      "lastSuccessfulRunTimestamp": 0,
      "position": "4:5",
      "projects": [
        "chromium",
        "firefox"
      ],
      "status": 30,
      "title": "constant-timeout.spec.ts > timeout outside of group"
    },
    {
      "averageDuration": 0,
      "duration": 0,
      "fails": 0,
      "file": "failed.spec.ts",
      "lastSuccessfulRunTimestamp": 0,
      "position": "4:5",
      "projects": [
        "chromium",
        "firefox"
      ],
      "status": 20,
      "title": "failed.spec.ts > should failing"
    },
    {
      "averageDuration": 0,
      "duration": 0,
      "fails": 0,
      "file": "failed.spec.ts",
      "lastSuccessfulRunTimestamp": 0,
      "position": "9:5",
      "projects": [
        "chromium",
        "firefox"
      ],
      "status": 20,
      "title": "failed.spec.ts > should failing for firefox"
    },
    {
      "averageDuration": 0,
      "duration": 0,
      "fails": 0,
      "file": "parametrized-case.spec.ts",
      "lastSuccessfulRunTimestamp": 0,
      "position": "11:9",
      "projects": [
        "chromium",
        "firefox"
      ],
      "status": 30,
      "title": "parametrized-case.spec.ts > runs first case"
    },
    {
      "averageDuration": 0,
      "duration": 0,
      "fails": 0,
      "file": "parametrized-case.spec.ts",
      "lastSuccessfulRunTimestamp": 0,
      "position": "11:9",
      "projects": [
        "chromium",
        "firefox"
      ],
      "status": 20,
      "title": "parametrized-case.spec.ts > runs second case"
    },
    {
      "averageDuration": 0,
      "duration": 0,
      "fails": 0,
      "file": "parametrized-case.spec.ts",
      "lastSuccessfulRunTimestamp": 0,
      "position": "11:9",
      "projects": [
        "chromium",
        "firefox"
      ],
      "status": 30,
      "title": "parametrized-case.spec.ts > runs third case"
    },
    {
      "averageDuration": 0,
      "duration": 0,
      "fails": 0,
      "file": "serial-top-level.spec.ts",
      "lastSuccessfulRunTimestamp": 0,
      "position": "0:0",
      "projects": [
        "chromium",
        "firefox"
      ],
      "status": 30,
      "title": "serial-top-level.spec.ts"
    },
    {
      "averageDuration": 0,
      "duration": 0,
      "fails": 0,
      "file": "serial.spec.ts",
      "lastSuccessfulRunTimestamp": 0,
      "position": "11:9",
      "projects": [
        "chromium",
        "firefox"
      ],
      "status": 30,
      "title": "serial.spec.ts > inside group"
    },
    {
      "averageDuration": 0,
      "duration": 0,
      "fails": 0,
      "file": "serial.spec.ts",
      "lastSuccessfulRunTimestamp": 0,
      "position": "5:5",
      "projects": [
        "chromium",
        "firefox"
      ],
      "status": 30,
      "title": "serial.spec.ts > outside of group"
    }
  ]
}