// Vitest Snapshot v1, https://vitest.dev/guide/snapshot.html

exports[`test custom info reporter 1`] = `
{
  "config": {
    "configFile": "playwright.config.ts",
    "projects": [
      {
        "name": "chromium",
        "repeatEach": 1,
        "use": {
          "baseURL": "http://localhost:4321",
          "defaultBrowserType": "chromium",
          "deviceScaleFactor": 1,
          "hasTouch": false,
          "isMobile": false,
          "screen": {
            "height": 1080,
            "width": 1920,
          },
          "trace": "on-first-retry",
          "userAgent": "Mozilla/5.0 (Windows NT 10.0; Win64; x64) AppleWebKit/537.36 (KHTML, like Gecko) Chrome/145.0.7632.6 Safari/537.36",
          "viewport": {
            "height": 720,
            "width": 1280,
          },
        },
      },
      {
        "name": "firefox",
        "repeatEach": 1,
        "use": {
          "baseURL": "http://localhost:4321",
          "defaultBrowserType": "firefox",
          "deviceScaleFactor": 1,
          "hasTouch": false,
          "isMobile": false,
          "screen": {
            "height": 1080,
            "width": 1920,
          },
          "trace": "on-first-retry",
          "userAgent": "Mozilla/5.0 (Windows NT 10.0; Win64; x64; rv:146.0.1) Gecko/20100101 Firefox/146.0.1",
          "viewport": {
            "height": 720,
            "width": 1280,
          },
        },
      },
    ],
    "workers": 2,
  },
  "testRun": {
    "basic-case.spec.ts": {
      "11:9": {
        "annotations": [],
        "projects": [
          "chromium",
          "firefox",
        ],
        "timeout": 30000,
        "title": "inside group",
      },
      "4:5": {
        "annotations": [],
        "projects": [
          "chromium",
          "firefox",
        ],
        "timeout": 30000,
        "title": "outside of group",
      },
    },
    "constant-timeout.spec.ts": {
      "13:9": {
        "annotations": [],
        "projects": [
          "chromium",
          "firefox",
        ],
        "timeout": 45000,
        "title": "inside group",
      },
      "18:9": {
        "annotations": [],
        "projects": [
          "chromium",
          "firefox",
        ],
        "timeout": 50000,
        "title": "inside group override timeout",
      },
      "26:13": {
        "annotations": [],
        "projects": [
          "chromium",
          "firefox",
        ],
        "timeout": 135000,
        "title": "inside nested group and slow",
      },
      "4:5": {
        "annotations": [],
        "projects": [
          "chromium",
          "firefox",
        ],
        "timeout": 40000,
        "title": "timeout outside of group",
      },
    },
    "failed.spec.ts": {
      "4:5": {
        "annotations": [],
        "projects": [
          "chromium",
          "firefox",
        ],
        "timeout": 30000,
        "title": "should failing",
      },
    },
    "serial-top-level.spec.ts": {
      "0:0": {
        "annotations": [],
        "children": [
          "outside of group",
          "inside group",
        ],
        "projects": [
          "chromium",
          "firefox",
        ],
        "timeout": 60000,
        "title": "serial-top-level.spec.ts",
      },
    },
    "serial.spec.ts": {
      "12:9": {
        "annotations": [],
        "projects": [
          "chromium",
          "firefox",
        ],
        "timeout": 30000,
        "title": "inside group",
      },
      "17:10": {
        "annotations": [
          {
            "description": "#serial_id",
            "type": "@playwright-orchestrator/id",
          },
        ],
        "children": [
          "inside nested group 1",
          "inside nested group 2",
        ],
        "projects": [
          "chromium",
          "firefox",
        ],
        "timeout": 85000,
        "title": "nested group",
      },
      "5:5": {
        "annotations": [],
        "projects": [
          "chromium",
          "firefox",
        ],
        "timeout": 30000,
        "title": "outside of group",
      },
    },
  },
}
`;
